// Jest Snapshot v1, https://goo.gl/fbAQLP

exports[`Sidebar.vue matches snapshot 1`] = `
<aside
  aria-label="Secondary navigation"
  class="sidebar"
  id="site-sidebar"
  role="navigation"
  tabindex="0"
>
  <button
    aria-label="Close"
    class="sidebar__close-layer"
  />
   
  <div
    class="sidebar__inner"
  >
    <main
      class="sidebar__main-content"
    />
  </div>
   
  <mks-button-stub
    class="sidebar__close-btn"
    inputtype=""
    role="button"
    size="small"
    tabindex="0"
    tag="button"
    type="secondary"
  >
    <mks-icon-stub
      alt="Close"
      color="inherit"
      size="20"
      strokewidth="4"
      type="x"
    />
  </mks-button-stub>
</aside>
`;
