// Jest Snapshot v1, https://goo.gl/fbAQLP

exports[`Navigation.vue matches snapshot 1`] = `
<nav
  class="navigation navigation--sep-undefined navigation--theme-primary"
>
  <mks-horizontal-list-stub
    class="navigation__list"
    spacing="default"
    tag="ul"
  >
    <li
      class="navigation__item"
    >
      <!---->
       
      <mks-link-stub
        to="https://example.com"
        type="menu"
      >
        link 1
      </mks-link-stub>
    </li>
    <li
      class="navigation__item"
    >
      <!---->
       
      <mks-link-stub
        to="https://example2.com"
        type="menu"
      >
        link 2
      </mks-link-stub>
    </li>
  </mks-horizontal-list-stub>
</nav>
`;
