// Jest Snapshot v1, https://goo.gl/fbAQLP

exports[`SiteHeader.vue matches snapshot 1`] = `
<header
  class="site-header"
>
  <!---->
   
  <!---->
   
  <div
    class="site-header__bar-container"
  >
    <div
      class="site-header__bar"
    >
      <mks-link
        aria-label="Retour à la page d'accueil"
        class="site-header__logo"
        to="/"
        type="menu"
      >
        <img
          alt="Site Logo"
          aria-hidden="true"
          src=""
        />
      </mks-link>
       
      <mks-navigation-stub
        class="site-header__nav"
        theme="primary"
        type="main"
      />
       
      <div
        class="site-header__sidebar-control"
      >
        <mks-button-stub
          aria-controls="site-sidebar"
          aria-label="Ouvrir le menu latéral"
          inputtype=""
          role="button"
          size="default"
          tag="button"
          type="text"
        >
          <mks-icon-stub
            color="inherit"
            size="24"
            strokewidth="2"
            type="menu"
          />
        </mks-button-stub>
      </div>
    </div>
  </div>
</header>
`;
