// Jest Snapshot v1, https://goo.gl/fbAQLP

exports[`Icon.vue matches snapshot 1`] = `
<svg
  class="icon icon-clock icon--color-inherit"
  fill="none"
  height="24"
  role="img"
  stroke-linecap="round"
  stroke-linejoin="round"
  stroke-width="2"
  viewBox="0 0 24 24"
  width="24"
  xmlns="http://www.w3.org/2000/svg"
>
  <title
    id="clock"
  />
  <circle
    cx="12"
    cy="12"
    r="10"
  />
  <polyline
    points="12 6 12 12 16 14"
  />
</svg>
`;
