// Jest Snapshot v1, https://goo.gl/fbAQLP

exports[`Pagination.vue matches snapshot 1`] = `
<mks-horizontal-list-stub
  aria-label="Pagination"
  class="pagination"
  role="navigation"
  spacing="small"
  tag="nav"
>
  <mks-button-stub
    class="pagination__button pagination__button--prev"
    inputtype=""
    role="button"
    size="square"
    tag="button"
    type="neutral"
  >
    <mks-icon-stub
      aria-hidden=""
      color="inherit"
      size="24"
      strokewidth="2"
      type="arrow-left"
    />
     
    <mks-visually-hidden-stub>
      Previous page
    </mks-visually-hidden-stub>
  </mks-button-stub>
   
  <mks-horizontal-list-stub
    class="pagination__list"
    spacing="small"
    tag="ul"
  >
    <mks-button-stub
      class="pagination__item"
      inputtype=""
      role="button"
      size="square"
      tag="button"
      type="neutral"
    >
      <mks-visually-hidden-stub>
        Go to page 
      </mks-visually-hidden-stub>
       
      <span>
        
        1
      
      </span>
       
      <div
        aria-hidden=""
        class="effect"
      />
    </mks-button-stub>
    <mks-button-stub
      class="pagination__item pagination__item--ellipsis"
      disabled="true"
      inputtype=""
      role="button"
      size="square"
      tag="button"
      type="neutral"
    >
      <mks-visually-hidden-stub>
        Go to page 
      </mks-visually-hidden-stub>
       
      <span>
        
        ...
      
      </span>
       
      <div
        aria-hidden=""
        class="effect"
      />
    </mks-button-stub>
    <mks-button-stub
      class="pagination__item"
      inputtype=""
      role="button"
      size="square"
      tag="button"
      type="neutral"
    >
      <mks-visually-hidden-stub>
        Go to page 
      </mks-visually-hidden-stub>
       
      <span>
        
        4
      
      </span>
       
      <div
        aria-hidden=""
        class="effect"
      />
    </mks-button-stub>
    <mks-button-stub
      aria-current="true"
      class="pagination__item pagination__item--current"
      inputtype=""
      role="button"
      size="square"
      tag="button"
      type="secondary"
    >
      <mks-visually-hidden-stub>
        Currently on page 
      </mks-visually-hidden-stub>
       
      <span>
        
        5
      
      </span>
       
      <div
        aria-hidden=""
        class="effect"
      />
    </mks-button-stub>
    <mks-button-stub
      class="pagination__item"
      inputtype=""
      role="button"
      size="square"
      tag="button"
      type="neutral"
    >
      <mks-visually-hidden-stub>
        Go to page 
      </mks-visually-hidden-stub>
       
      <span>
        
        6
      
      </span>
       
      <div
        aria-hidden=""
        class="effect"
      />
    </mks-button-stub>
    <mks-button-stub
      class="pagination__item pagination__item--ellipsis"
      disabled="true"
      inputtype=""
      role="button"
      size="square"
      tag="button"
      type="neutral"
    >
      <mks-visually-hidden-stub>
        Go to page 
      </mks-visually-hidden-stub>
       
      <span>
        
        ...
      
      </span>
       
      <div
        aria-hidden=""
        class="effect"
      />
    </mks-button-stub>
    <mks-button-stub
      class="pagination__item"
      inputtype=""
      role="button"
      size="square"
      tag="button"
      type="neutral"
    >
      <mks-visually-hidden-stub>
        Go to page 
      </mks-visually-hidden-stub>
       
      <span>
        
        10
      
      </span>
       
      <div
        aria-hidden=""
        class="effect"
      />
    </mks-button-stub>
  </mks-horizontal-list-stub>
   
  <mks-button-stub
    class="pagination__button pagination__button--next"
    inputtype=""
    role="button"
    size="square"
    tag="button"
    type="neutral"
  >
    <mks-icon-stub
      aria-hidden=""
      color="inherit"
      size="24"
      strokewidth="2"
      type="arrow-right"
    />
     
    <mks-visually-hidden-stub>
      Next page
    </mks-visually-hidden-stub>
  </mks-button-stub>
</mks-horizontal-list-stub>
`;
